Traceback (most recent call last):
  File "C:\Program Files\Python39\lib\runpy.py", line 197, in _run_module_as_main
    return _run_code(code, main_globals, None,
  File "C:\Program Files\Python39\lib\runpy.py", line 87, in _run_code
    exec(code, run_globals)
  File "E:\AI\data\envs\car_agent_env\lib\site-packages\uvicorn\__main__.py", line 4, in <module>
    uvicorn.main()
  File "E:\AI\data\envs\car_agent_env\lib\site-packages\click\core.py", line 1161, in __call__
    return self.main(*args, **kwargs)
  File "E:\AI\data\envs\car_agent_env\lib\site-packages\click\core.py", line 1082, in main
    rv = self.invoke(ctx)
  File "E:\AI\data\envs\car_agent_env\lib\site-packages\click\core.py", line 1443, in invoke
    return ctx.invoke(self.callback, **ctx.params)
  File "E:\AI\data\envs\car_agent_env\lib\site-packages\click\core.py", line 788, in invoke
    return __callback(*args, **kwargs)
  File "E:\AI\data\envs\car_agent_env\lib\site-packages\uvicorn\main.py", line 423, in main
    run(
  File "E:\AI\data\envs\car_agent_env\lib\site-packages\uvicorn\main.py", line 593, in run
    server.run()
  File "E:\AI\data\envs\car_agent_env\lib\site-packages\uvicorn\server.py", line 67, in run
    return asyncio_run(self.serve(sockets=sockets), loop_factory=self.config.get_loop_factory())
  File "E:\AI\data\envs\car_agent_env\lib\site-packages\uvicorn\_compat.py", line 60, in asyncio_run
    return loop.run_until_complete(main)
  File "C:\Program Files\Python39\lib\asyncio\base_events.py", line 642, in run_until_complete
    return future.result()
  File "E:\AI\data\envs\car_agent_env\lib\site-packages\uvicorn\server.py", line 71, in serve
    await self._serve(sockets)
  File "E:\AI\data\envs\car_agent_env\lib\site-packages\uvicorn\server.py", line 78, in _serve
    config.load()
  File "E:\AI\data\envs\car_agent_env\lib\site-packages\uvicorn\config.py", line 439, in load
    self.loaded_app = import_from_string(self.app)
  File "E:\AI\data\envs\car_agent_env\lib\site-packages\uvicorn\importer.py", line 19, in import_from_string
    module = importlib.import_module(module_str)
  File "C:\Program Files\Python39\lib\importlib\__init__.py", line 127, in import_module
    return _bootstrap._gcd_import(name[level:], package, level)
  File "<frozen importlib._bootstrap>", line 1030, in _gcd_import
  File "<frozen importlib._bootstrap>", line 1007, in _find_and_load
  File "<frozen importlib._bootstrap>", line 986, in _find_and_load_unlocked
  File "<frozen importlib._bootstrap>", line 680, in _load_unlocked
  File "<frozen importlib._bootstrap_external>", line 850, in exec_module
  File "<frozen importlib._bootstrap>", line 228, in _call_with_frames_removed
  File "C:\Users\11489\.openclaw\workspace-market\fastapi_18003_adapter\main.py", line 25, in <module>
    from .gateway_client import MARKET_AGENT_ID, post_chat_completion
ImportError: attempted relative import with no known parent package
